// Jest Snapshot v1, https://goo.gl/fbAQLP

exports[`<BudgetItemContainer /> matches snapshot 1`] = `undefined`;
