// Jest Snapshot v1, https://goo.gl/fbAQLP

exports[`<BudgetItemContent /> matches snapshot 1`] = `undefined`;
