// Jest Snapshot v1, https://goo.gl/fbAQLP

exports[`<BudgetItem/> matches snapshot 1`] = `undefined`;
