// Jest Snapshot v1, https://goo.gl/fbAQLP

exports[`<BudgetCategoryContent /> matches snapshot 1`] = `undefined`;
