// Jest Snapshot v1, https://goo.gl/fbAQLP

exports[`<Budget/> matches snapshot 1`] = `undefined`;
