// Jest Snapshot v1, https://goo.gl/fbAQLP

exports[`<Layout/> matches snapshot 1`] = `undefined`;
