// Jest Snapshot v1, https://goo.gl/fbAQLP

exports[`<BudgetHeader/> matches snapshot 1`] = `undefined`;
